--- ERROR 0 ---
[2026-03-24 10:12:07] local.ERROR: Target class [view] does not exist. {"exception":"[object] (Illuminate\\Contracts\\Container\\BindingResolutionException(code: 0): Target class [view] does not exist. at C:/wamp64/www/nrg_23-03-2026/ggcs-backend/vendor/laravel/framework/src/Illuminate/Container/Container.php:1124)
[stacktrace]
#0 C:/wamp64/www/nrg_23-03-2026/ggcs-backend/vendor/laravel/framework/src/Illuminate/Container/Container.php(933): Illuminate/Container/Container->build('view')
#1 C:/wamp64/www/nrg_23-03-2026/ggcs-backend/vendor/laravel/framework/src/Illuminate/Foundation/Application.php(1078): Illuminate/Container/Container->resolve('view', Array, true)
#2 C:/wamp64/www/nrg_23-03-2026/ggcs-backend/vendor/laravel/framework/src/Illuminate/Container/Container.php(864): Illuminate/Foundation/Application->resolve('view', Array)
#3 C:/wamp64/www/nrg_23-03-2026/ggcs-backend/vendor/laravel/framework/src/Illuminate/Foundation/Application.php(1058): Illuminate/Container/Container->make('view', Array)
#4 C:/wamp64/www/nrg_23-03-2026/ggcs-backend/vendor/laravel/framework/src/Illuminate/Container/Container.php(1805): Illuminate/Foundation/Application->make('view')
#5 C:/wamp64/www/nrg_23-03-2026/ggcs-backend/vendor/laravel/framework/src/Illuminate/Routing/RoutingServiceProvider.php(177): Illuminate/Container/Container->offsetGet('Illuminate//Cont...')
#6 C:/wamp64/www/nrg_23-03-2026/ggcs-backend/vendor/laravel/framework/src/Illuminate/Container/Container.php(1115): Illuminate/Routing/RoutingServiceProvider->{closure:Illuminate/Routing/RoutingServiceProvider::registerResponseFactory():176}(Object(Illuminate/Foundation/Application), Array)
#7 C:/wamp64/www/nrg_23-03-2026/ggcs-backend/vendor/laravel/framework/src/Illuminate/Container/Container.php(933): Illuminate/Container/Container->build(Object(Closure))
#8 C:/wamp64/www/nrg_23-03-2026/ggcs-backend/vendor/laravel/framework/src/Illuminate/Foundation/Application.php(1078): Illuminate/Container/Container->resolve('Illuminate//Cont...', Array, true)
--- ERROR 1 ---
[2026-03-24 10:12:07] local.ERROR: Uncaught ReflectionException: Class "view" does not exist in C:\wamp64\www\nrg_23-03-2026\ggcs-backend\vendor\laravel\framework\src\Illuminate\Container\Container.php:1122
Stack trace:
#0 C:\wamp64\www\nrg_23-03-2026\ggcs-backend\vendor\laravel\framework\src\Illuminate\Container\Container.php(1122): ReflectionClass->__construct('view')
#1 C:\wamp64\www\nrg_23-03-2026\ggcs-backend\vendor\laravel\framework\src\Illuminate\Container\Container.php(933): Illuminate\Container\Container->build('view')
#2 C:\wamp64\www\nrg_23-03-2026\ggcs-backend\vendor\laravel\framework\src\Illuminate\Foundation\Application.php(1078): Illuminate\Container\Container->resolve('view', Array, true)
#3 C:\wamp64\www\nrg_23-03-2026\ggcs-backend\vendor\laravel\framework\src\Illuminate\Container\Container.php(864): Illuminate\Foundation\Application->resolve('view', Array)
#4 C:\wamp64\www\nrg_23-03-2026\ggcs-backend\vendor\laravel\framework\src\Illuminate\Foundation\Application.php(1058): Illuminate\Container\Container->make('view', Array)
#5 C:\wamp64\www\nrg_23-03-2026\ggcs-backend\vendor\laravel\framework\src\Illuminate\Container\Container.php(1805): Illuminate\Foundation\Application->make('view')
#6 C:\wamp64\www\nrg_23-03-2026\ggcs-backend\vendor\laravel\framework\src\Illuminate\Routing\RoutingServiceProvider.php(177): Illuminate\Container\Container->offsetGet('Illuminate\\Cont...')
#7 C:\wamp64\www\nrg_23-03-2026\ggcs-backend\vendor\laravel\framework\src\Illuminate\Container\Container.php(1115): Illuminate\Routing\RoutingServiceProvider->{closure:Illuminate\Routing\RoutingServiceProvider::registerResponseFactory():176}(Object(Illuminate\Foundation\Application), Array)
#8 C:\wamp64\www\nrg_23-03-2026\ggcs-backend\vendor\laravel\framework\src\Illuminate\Container\Container.php(933): Illuminate\Container\Container->build(Object(Closure))
--- ERROR 2 ---
[2026-03-24 10:12:07] local.ERROR: Uncaught ReflectionException: Class "view" does not exist in C:\wamp64\www\nrg_23-03-2026\ggcs-backend\vendor\laravel\framework\src\Illuminate\Container\Container.php:1122
Stack trace:
#0 C:\wamp64\www\nrg_23-03-2026\ggcs-backend\vendor\laravel\framework\src\Illuminate\Container\Container.php(1122): ReflectionClass->__construct('view')
#1 C:\wamp64\www\nrg_23-03-2026\ggcs-backend\vendor\laravel\framework\src\Illuminate\Container\Container.php(933): Illuminate\Container\Container->build('view')
#2 C:\wamp64\www\nrg_23-03-2026\ggcs-backend\vendor\laravel\framework\src\Illuminate\Foundation\Application.php(1078): Illuminate\Container\Container->resolve('view', Array, true)
#3 C:\wamp64\www\nrg_23-03-2026\ggcs-backend\vendor\laravel\framework\src\Illuminate\Container\Container.php(864): Illuminate\Foundation\Application->resolve('view', Array)
#4 C:\wamp64\www\nrg_23-03-2026\ggcs-backend\vendor\laravel\framework\src\Illuminate\Foundation\Application.php(1058): Illuminate\Container\Container->make('view', Array)
#5 C:\wamp64\www\nrg_23-03-2026\ggcs-backend\vendor\laravel\framework\src\Illuminate\Container\Container.php(1805): Illuminate\Foundation\Application->make('view')
#6 C:\wamp64\www\nrg_23-03-2026\ggcs-backend\vendor\laravel\framework\src\Illuminate\Routing\RoutingServiceProvider.php(177): Illuminate\Container\Container->offsetGet('Illuminate\\Cont...')
#7 C:\wamp64\www\nrg_23-03-2026\ggcs-backend\vendor\laravel\framework\src\Illuminate\Container\Container.php(1115): Illuminate\Routing\RoutingServiceProvider->{closure:Illuminate\Routing\RoutingServiceProvider::registerResponseFactory():176}(Object(Illuminate\Foundation\Application), Array)
#8 C:\wamp64\www\nrg_23-03-2026\ggcs-backend\vendor\laravel\framework\src\Illuminate\Container\Container.php(933): Illuminate\Container\Container->build(Object(Closure))
--- ERROR 3 ---
[2026-03-24 12:11:11] production.ERROR: No application encryption key has been specified. {"exception":"[object] (Illuminate\\Encryption\\MissingAppKeyException(code: 0): No application encryption key has been specified. at C:/wamp64/www/nrg_23-03-2026/ggcs-backend/vendor/laravel/framework/src/Illuminate/Encryption/EncryptionServiceProvider.php:83)
[stacktrace]
#0 C:/wamp64/www/nrg_23-03-2026/ggcs-backend/vendor/laravel/framework/src/Illuminate/Support/helpers.php(388): Illuminate/Encryption/EncryptionServiceProvider->{closure:Illuminate/Encryption/EncryptionServiceProvider::key():81}(NULL)
#1 C:/wamp64/www/nrg_23-03-2026/ggcs-backend/vendor/laravel/framework/src/Illuminate/Encryption/EncryptionServiceProvider.php(81): tap(NULL, Object(Closure))
#2 C:/wamp64/www/nrg_23-03-2026/ggcs-backend/vendor/laravel/framework/src/Illuminate/Encryption/EncryptionServiceProvider.php(64): Illuminate/Encryption/EncryptionServiceProvider->key(Array)
#3 C:/wamp64/www/nrg_23-03-2026/ggcs-backend/vendor/laravel/framework/src/Illuminate/Encryption/EncryptionServiceProvider.php(32): Illuminate/Encryption/EncryptionServiceProvider->parseKey(Array)
#4 C:/wamp64/www/nrg_23-03-2026/ggcs-backend/vendor/laravel/framework/src/Illuminate/Container/Container.php(1115): Illuminate/Encryption/EncryptionServiceProvider->{closure:Illuminate/Encryption/EncryptionServiceProvider::registerEncrypter():29}(Object(Illuminate/Foundation/Application), Array)
#5 C:/wamp64/www/nrg_23-03-2026/ggcs-backend/vendor/laravel/framework/src/Illuminate/Container/Container.php(933): Illuminate/Container/Container->build(Object(Closure))
#6 C:/wamp64/www/nrg_23-03-2026/ggcs-backend/vendor/laravel/framework/src/Illuminate/Foundation/Application.php(1078): Illuminate/Container/Container->resolve('encrypter', Array, true)
#7 C:/wamp64/www/nrg_23-03-2026/ggcs-backend/vendor/laravel/framework/src/Illuminate/Container/Container.php(864): Illuminate/Foundation/Application->resolve('encrypter', Array)
#8 C:/wamp64/www/nrg_23-03-2026/ggcs-backend/vendor/laravel/framework/src/Illuminate/Foundation/Application.php(1058): Illuminate/Container/Container->make('encrypter', Array)
--- ERROR 4 ---
[2026-03-24 12:19:36] production.ERROR: No application encryption key has been specified. {"exception":"[object] (Illuminate\\Encryption\\MissingAppKeyException(code: 0): No application encryption key has been specified. at C:/wamp64/www/nrg_23-03-2026/ggcs-backend/vendor/laravel/framework/src/Illuminate/Encryption/EncryptionServiceProvider.php:83)
[stacktrace]
#0 C:/wamp64/www/nrg_23-03-2026/ggcs-backend/vendor/laravel/framework/src/Illuminate/Support/helpers.php(388): Illuminate/Encryption/EncryptionServiceProvider->{closure:Illuminate/Encryption/EncryptionServiceProvider::key():81}(NULL)
#1 C:/wamp64/www/nrg_23-03-2026/ggcs-backend/vendor/laravel/framework/src/Illuminate/Encryption/EncryptionServiceProvider.php(81): tap(NULL, Object(Closure))
#2 C:/wamp64/www/nrg_23-03-2026/ggcs-backend/vendor/laravel/framework/src/Illuminate/Encryption/EncryptionServiceProvider.php(64): Illuminate/Encryption/EncryptionServiceProvider->key(Array)
#3 C:/wamp64/www/nrg_23-03-2026/ggcs-backend/vendor/laravel/framework/src/Illuminate/Encryption/EncryptionServiceProvider.php(32): Illuminate/Encryption/EncryptionServiceProvider->parseKey(Array)
#4 C:/wamp64/www/nrg_23-03-2026/ggcs-backend/vendor/laravel/framework/src/Illuminate/Container/Container.php(1115): Illuminate/Encryption/EncryptionServiceProvider->{closure:Illuminate/Encryption/EncryptionServiceProvider::registerEncrypter():29}(Object(Illuminate/Foundation/Application), Array)
#5 C:/wamp64/www/nrg_23-03-2026/ggcs-backend/vendor/laravel/framework/src/Illuminate/Container/Container.php(933): Illuminate/Container/Container->build(Object(Closure))
#6 C:/wamp64/www/nrg_23-03-2026/ggcs-backend/vendor/laravel/framework/src/Illuminate/Foundation/Application.php(1078): Illuminate/Container/Container->resolve('encrypter', Array, true)
#7 C:/wamp64/www/nrg_23-03-2026/ggcs-backend/vendor/laravel/framework/src/Illuminate/Container/Container.php(864): Illuminate/Foundation/Application->resolve('encrypter', Array)
#8 C:/wamp64/www/nrg_23-03-2026/ggcs-backend/vendor/laravel/framework/src/Illuminate/Foundation/Application.php(1058): Illuminate/Container/Container->make('encrypter', Array)
--- ERROR 5 ---
[2026-03-24 12:24:38] local.ERROR: PHP Parse error: Syntax error, unexpected T_OBJECT_OPERATOR on line 1 {"exception":"[object] (Psy\\Exception\\ParseErrorException(code: 0): PHP Parse error: Syntax error, unexpected T_OBJECT_OPERATOR on line 1 at C:/wamp64/www/nrg_23-03-2026/ggcs-backend/vendor/psy/psysh/src/Exception/ParseErrorException.php:44)
[stacktrace]
#0 C:/wamp64/www/nrg_23-03-2026/ggcs-backend/vendor/psy/psysh/src/CodeCleaner.php(488): Psy/Exception/ParseErrorException::fromParseError(Object(PhpParser/Error))
#1 C:/wamp64/www/nrg_23-03-2026/ggcs-backend/vendor/psy/psysh/src/CodeCleaner.php(269): Psy/CodeCleaner->parse('<?php try { app...', false)
#2 C:/wamp64/www/nrg_23-03-2026/ggcs-backend/vendor/psy/psysh/src/Shell.php(1282): Psy/CodeCleaner->clean(Array, false)
#3 C:/wamp64/www/nrg_23-03-2026/ggcs-backend/vendor/psy/psysh/src/Shell.php(1315): Psy/Shell->addCode('try { app()->ma...', true)
#4 C:/wamp64/www/nrg_23-03-2026/ggcs-backend/vendor/psy/psysh/src/Shell.php(1865): Psy/Shell->setCode('try { app()->ma...', true)
#5 C:/wamp64/www/nrg_23-03-2026/ggcs-backend/vendor/laravel/tinker/src/Console/TinkerCommand.php(77): Psy/Shell->execute('try { app()->ma...')
#6 C:/wamp64/www/nrg_23-03-2026/ggcs-backend/vendor/laravel/framework/src/Illuminate/Container/BoundMethod.php(36): Laravel/Tinker/Console/TinkerCommand->handle()
#7 C:/wamp64/www/nrg_23-03-2026/ggcs-backend/vendor/laravel/framework/src/Illuminate/Container/Util.php(43): Illuminate/Container/BoundMethod::{closure:Illuminate/Container/BoundMethod::call():35}()
#8 C:/wamp64/www/nrg_23-03-2026/ggcs-backend/vendor/laravel/framework/src/Illuminate/Container/BoundMethod.php(96): Illuminate/Container/Util::unwrapIfClosure(Object(Closure))
--- ERROR 6 ---
[2026-03-24 12:26:23] production.ERROR: Database file at path [nrg] does not exist. Ensure this is an absolute path to the database. (Connection: sqlite, Database: nrg, SQL: select * from "personal_access_tokens" where "personal_access_tokens"."id" = 54 limit 1) {"exception":"[object] (Illuminate\\Database\\QueryException(code: 0): Database file at path [nrg] does not exist. Ensure this is an absolute path to the database. (Connection: sqlite, Database: nrg, SQL: select * from \"personal_access_tokens\" where \"personal_access_tokens\".\"id\" = 54 limit 1) at C:/wamp64/www/nrg_23-03-2026/ggcs-backend/vendor/laravel/framework/src/Illuminate/Database/Connection.php:838)
[stacktrace]
#0 C:/wamp64/www/nrg_23-03-2026/ggcs-backend/vendor/laravel/framework/src/Illuminate/Database/Connection.php(794): Illuminate/Database/Connection->runQueryCallback('select * from \"...', Array, Object(Closure))
#1 C:/wamp64/www/nrg_23-03-2026/ggcs-backend/vendor/laravel/framework/src/Illuminate/Database/Connection.php(411): Illuminate/Database/Connection->run('select * from \"...', Array, Object(Closure))
#2 C:/wamp64/www/nrg_23-03-2026/ggcs-backend/vendor/laravel/framework/src/Illuminate/Database/Query/Builder.php(3475): Illuminate/Database/Connection->select('select * from \"...', Array, true)
#3 C:/wamp64/www/nrg_23-03-2026/ggcs-backend/vendor/laravel/framework/src/Illuminate/Database/Query/Builder.php(3460): Illuminate/Database/Query/Builder->runSelect()
#4 C:/wamp64/www/nrg_23-03-2026/ggcs-backend/vendor/laravel/framework/src/Illuminate/Database/Query/Builder.php(4050): Illuminate/Database/Query/Builder->{closure:Illuminate/Database/Query/Builder::get():3459}()
#5 C:/wamp64/www/nrg_23-03-2026/ggcs-backend/vendor/laravel/framework/src/Illuminate/Database/Query/Builder.php(3459): Illuminate/Database/Query/Builder->onceWithColumns(Array, Object(Closure))
#6 C:/wamp64/www/nrg_23-03-2026/ggcs-backend/vendor/laravel/framework/src/Illuminate/Database/Eloquent/Builder.php(902): Illuminate/Database/Query/Builder->get(Array)
#7 C:/wamp64/www/nrg_23-03-2026/ggcs-backend/vendor/laravel/framework/src/Illuminate/Database/Eloquent/Builder.php(884): Illuminate/Database/Eloquent/Builder->getModels(Array)
#8 C:/wamp64/www/nrg_23-03-2026/ggcs-backend/vendor/laravel/framework/src/Illuminate/Database/Concerns/BuildsQueries.php(366): Illuminate/Database/Eloquent/Builder->get(Array)
--- ERROR 7 ---
[2026-03-24 12:26:23] production.ERROR: Database file at path [nrg] does not exist. Ensure this is an absolute path to the database. (Connection: sqlite, Database: nrg, SQL: select * from "personal_access_tokens" where "personal_access_tokens"."id" = 54 limit 1) {"exception":"[object] (Illuminate\\Database\\QueryException(code: 0): Database file at path [nrg] does not exist. Ensure this is an absolute path to the database. (Connection: sqlite, Database: nrg, SQL: select * from \"personal_access_tokens\" where \"personal_access_tokens\".\"id\" = 54 limit 1) at C:/wamp64/www/nrg_23-03-2026/ggcs-backend/vendor/laravel/framework/src/Illuminate/Database/Connection.php:838)
[stacktrace]
#0 C:/wamp64/www/nrg_23-03-2026/ggcs-backend/vendor/laravel/framework/src/Illuminate/Database/Connection.php(794): Illuminate/Database/Connection->runQueryCallback('select * from \"...', Array, Object(Closure))
#1 C:/wamp64/www/nrg_23-03-2026/ggcs-backend/vendor/laravel/framework/src/Illuminate/Database/Connection.php(411): Illuminate/Database/Connection->run('select * from \"...', Array, Object(Closure))
#2 C:/wamp64/www/nrg_23-03-2026/ggcs-backend/vendor/laravel/framework/src/Illuminate/Database/Query/Builder.php(3475): Illuminate/Database/Connection->select('select * from \"...', Array, true)
#3 C:/wamp64/www/nrg_23-03-2026/ggcs-backend/vendor/laravel/framework/src/Illuminate/Database/Query/Builder.php(3460): Illuminate/Database/Query/Builder->runSelect()
#4 C:/wamp64/www/nrg_23-03-2026/ggcs-backend/vendor/laravel/framework/src/Illuminate/Database/Query/Builder.php(4050): Illuminate/Database/Query/Builder->{closure:Illuminate/Database/Query/Builder::get():3459}()
#5 C:/wamp64/www/nrg_23-03-2026/ggcs-backend/vendor/laravel/framework/src/Illuminate/Database/Query/Builder.php(3459): Illuminate/Database/Query/Builder->onceWithColumns(Array, Object(Closure))
#6 C:/wamp64/www/nrg_23-03-2026/ggcs-backend/vendor/laravel/framework/src/Illuminate/Database/Eloquent/Builder.php(902): Illuminate/Database/Query/Builder->get(Array)
#7 C:/wamp64/www/nrg_23-03-2026/ggcs-backend/vendor/laravel/framework/src/Illuminate/Database/Eloquent/Builder.php(884): Illuminate/Database/Eloquent/Builder->getModels(Array)
#8 C:/wamp64/www/nrg_23-03-2026/ggcs-backend/vendor/laravel/framework/src/Illuminate/Database/Concerns/BuildsQueries.php(366): Illuminate/Database/Eloquent/Builder->get(Array)
--- ERROR 8 ---
[2026-03-25 05:12:41] production.ERROR: No application encryption key has been specified. {"exception":"[object] (Illuminate\\Encryption\\MissingAppKeyException(code: 0): No application encryption key has been specified. at C:/wamp64/www/nrg_23-03-2026/ggcs-backend/vendor/laravel/framework/src/Illuminate/Encryption/EncryptionServiceProvider.php:83)
[stacktrace]
#0 C:/wamp64/www/nrg_23-03-2026/ggcs-backend/vendor/laravel/framework/src/Illuminate/Support/helpers.php(388): Illuminate/Encryption/EncryptionServiceProvider->{closure:Illuminate/Encryption/EncryptionServiceProvider::key():81}(NULL)
#1 C:/wamp64/www/nrg_23-03-2026/ggcs-backend/vendor/laravel/framework/src/Illuminate/Encryption/EncryptionServiceProvider.php(81): tap(NULL, Object(Closure))
#2 C:/wamp64/www/nrg_23-03-2026/ggcs-backend/vendor/laravel/framework/src/Illuminate/Encryption/EncryptionServiceProvider.php(64): Illuminate/Encryption/EncryptionServiceProvider->key(Array)
#3 C:/wamp64/www/nrg_23-03-2026/ggcs-backend/vendor/laravel/framework/src/Illuminate/Encryption/EncryptionServiceProvider.php(32): Illuminate/Encryption/EncryptionServiceProvider->parseKey(Array)
#4 C:/wamp64/www/nrg_23-03-2026/ggcs-backend/vendor/laravel/framework/src/Illuminate/Container/Container.php(1115): Illuminate/Encryption/EncryptionServiceProvider->{closure:Illuminate/Encryption/EncryptionServiceProvider::registerEncrypter():29}(Object(Illuminate/Foundation/Application), Array)
#5 C:/wamp64/www/nrg_23-03-2026/ggcs-backend/vendor/laravel/framework/src/Illuminate/Container/Container.php(933): Illuminate/Container/Container->build(Object(Closure))
#6 C:/wamp64/www/nrg_23-03-2026/ggcs-backend/vendor/laravel/framework/src/Illuminate/Foundation/Application.php(1078): Illuminate/Container/Container->resolve('encrypter', Array, true)
#7 C:/wamp64/www/nrg_23-03-2026/ggcs-backend/vendor/laravel/framework/src/Illuminate/Container/Container.php(864): Illuminate/Foundation/Application->resolve('encrypter', Array)
#8 C:/wamp64/www/nrg_23-03-2026/ggcs-backend/vendor/laravel/framework/src/Illuminate/Foundation/Application.php(1058): Illuminate/Container/Container->make('encrypter', Array)
--- ERROR 9 ---
[2026-03-25 05:18:37] local.ERROR: PHP Parse error: Syntax error, unexpected T_NS_SEPARATOR on line 1 {"exception":"[object] (Psy\\Exception\\ParseErrorException(code: 0): PHP Parse error: Syntax error, unexpected T_NS_SEPARATOR on line 1 at C:/wamp64/www/nrg_23-03-2026/ggcs-backend/vendor/psy/psysh/src/Exception/ParseErrorException.php:44)
[stacktrace]
#0 C:/wamp64/www/nrg_23-03-2026/ggcs-backend/vendor/psy/psysh/src/CodeCleaner.php(488): Psy/Exception/ParseErrorException::fromParseError(Object(PhpParser/Error))
#1 C:/wamp64/www/nrg_23-03-2026/ggcs-backend/vendor/psy/psysh/src/CodeCleaner.php(269): Psy/CodeCleaner->parse('<?php try { // =...', false)
#2 C:/wamp64/www/nrg_23-03-2026/ggcs-backend/vendor/psy/psysh/src/Shell.php(1282): Psy/CodeCleaner->clean(Array, false)
#3 C:/wamp64/www/nrg_23-03-2026/ggcs-backend/vendor/psy/psysh/src/Shell.php(1315): Psy/Shell->addCode('try { // = App//M...', true)
#4 C:/wamp64/www/nrg_23-03-2026/ggcs-backend/vendor/psy/psysh/src/Shell.php(1865): Psy/Shell->setCode('try { // = App//M...', true)
#5 C:/wamp64/www/nrg_23-03-2026/ggcs-backend/vendor/laravel/tinker/src/Console/TinkerCommand.php(77): Psy/Shell->execute('try { // = App//M...')
#6 C:/wamp64/www/nrg_23-03-2026/ggcs-backend/vendor/laravel/framework/src/Illuminate/Container/BoundMethod.php(36): Laravel/Tinker/Console/TinkerCommand->handle()
#7 C:/wamp64/www/nrg_23-03-2026/ggcs-backend/vendor/laravel/framework/src/Illuminate/Container/Util.php(43): Illuminate/Container/BoundMethod::{closure:Illuminate/Container/BoundMethod::call():35}()
#8 C:/wamp64/www/nrg_23-03-2026/ggcs-backend/vendor/laravel/framework/src/Illuminate/Container/BoundMethod.php(96): Illuminate/Container/Util::unwrapIfClosure(Object(Closure))
